d
bin
-1
2001
4
14
15
50

d
etc
-1
2001
4
14
15
52

d
hidden
-1
2001
7
5
21
35

d
j
-1
2005
4
22
0
10

d
pub
-1
2003
10
21
20
1
