d
documentales
-1
2008
11
28
0
0

d
dosier
-1
2008
11
28
0
0

d
promos
-1
2008
12
1
0
0

d
Sueños_futbol
-1
2008
11
28
0
0

d
test
-1
current
11
2
15
53

d
tmp
-1
current
11
25
10
4

-
Gastronomía.txt
125
2007
10
11
0
0
