-
.notar
0
2004
3
26
0
0

d
incoming
-1
current
12
8
15
54

-
incoming.README
7196
2007
8
22
0
0

d
pub
-1
current
9
25
9
56
